
tux-sw2>enable
Password: 
tux-sw2#copy flash:tux2-clean startup-config startup-config  startup-config  startup-config  startup-config  startup-config  startup-config  startup-config  startup-config  startup-config  startup-config 7 startup-config- startup-config
tux-sw2#copy flash:7- startup-config               ana-joao-ricardo startup-config
Destination filename [startup-config]? 
%Error opening flash:7-ana-joao-ricardo (No such file or directory)
0 bytes copied in 0.000 secs
tux-sw2#copy flash:7-ana-joao-ricardo startup-configenable                                      copy flash:7-ana-joao-ricardo startup-config startup-config  startup-config  startup-config  startup-config  startup-config  startup-config  startup-config  startup-config  startup-config  startup-config  startup-config  startup-config  startup-config  startup-config  startup-config  startup-config  startup-config  startup-config t startup-configy startup-config startup-config u startup-configx startup-config2 startup-config- startup-configc startup-configl startup-confige startup-configa startup-confign startup-config
Destination filename [startup-config]? 

3174 bytes copied in 0.277 secs (11458 bytes/sec)
tux-sw2#copy flash:tux2-clean startup-config                                    configure terminal
Enter configuration commands, one per line.  End with CNTL/Z.
tux-sw2(config)#exit
tux-sw2#
*Mar  2 00:47:49.516: %SYS-5-CONFIG_I: Configured from console by consolereload

System configuration has been modified. Save? [yes/no]: no
Proceed with reload? [confirm]

*Mar  2 00:48:04.314: %SYS-5-RELOAD: Reload requested by console. Reload reason: Reload command
Using driver version 1 for media type 1
Base ethernet MAC Address: fc:fb:fb:5c:4d:80
Xmodem file system is available.
The password-recovery mechanism is enabled.
Initializing Flash...
mifs[2]: 0 files, 1 directories
mifs[2]: Total bytes     :    3870720
mifs[2]: Bytes used      :       1024
mifs[2]: Bytes available :    3869696
mifs[2]: mifs fsck took 0 seconds.
mifs[3]: 456 files, 8 directories
mifs[3]: Total bytes     :   27998208
mifs[3]: Bytes used      :   16207360
mifs[3]: Bytes available :   11790848
mifs[3]: mifs fsck took 6 seconds.
...done Initializing Flash.
done.
Loading "flash:/c3560-ipservicesk9-mz.122-55.SE/c3560-ipservicesk9-mz.122-55.SE.bin"...@@@@@@@@@@@@@@@@@@@@@@@@@@@@@@@@@@@@@@@@@@@@@@@@@@@@@@@@@@@@@@@@@@@@@@@@@@@@@@@@@@@@@@@@@@@@@@@@@@@@@@@@@@@@@@@@@@@@@@@@@@@@@@@@@@@@@@@@@@@@@@@@@@@@@@@@@@@@@@@@@@@@@@@@@@@@@@@@@@@@@@@@@@@@@@@@@@@@@@@@@@@@@@@@@@@@@@@@@@@@@@@@@@@@@@@@@@@@@@@@@@@@@@@@@@@@@@@@@@@@@@@@@@@@@@@@@@@@@@@@@@@@@@@@@@@@@@@@@@@@@@@@@@@@@@@@@@@@@@@@@@@@@@@@@@@@@@@@@@@@@@@@@@@@@@@@@@@@@@@@@@@@@@@@@@@@@@@@@@@@@@@@@@@@@@@@@@@@@@@@@@@@@@@@@@@@@@@@@@@@@@@@@@@@@@@@@@@@@@@@@@@@@@@@@@@@@@@@@@@@@@@@@@@@@@@@@@@@@@@@@@@@@@@@@@@@@@@@@@@@@@@@@@@@@@@@@@@@@@@@@@@@@@@@@@@@@@@@@@@@@@@@@@@@@@@@@@@@@@@@@@@@@@@@@@@@@@@@@@@@@@@@@@@@@@@@@@@@@@@@@@@@@@@@@@@@@@@@@@@@@@@@@@@@@@@@@@@@@@@@@@@@@@@@@@@@@@@@@@@@@@@@@@@@@@@@@@@@@@@@@@@@@@@@@@@@@@@@@@@@@@@@@@@@@@@@@@@@@@@@@@@@@@@@@@@@@@@@@@@@@@@@@@@@@@@@@@@@@@@@@@@@@@@@@@@@@@@@@@@@@@@@@@@@@@@@@@@@@@@@@@@@@@@@@@@@@@@@@@@@@@@@@@@@@@@@@@@@@@@@@@@@@@@@@@@@@@@@@@@@@@@@@@@@@@@@@@@@@@@@@@@@@@@@@@@@@@@@@@@@@@@@@@@@@@@@@@@@@@@@@@@@@@@@@@@@@@@@@@@@@@@@@@@@@@@@@@@@@@@@@@@@@@@@@@@@@@@@@@@@@@@@@@@@@@@@@@@@@@@@@@@@@@@@@@@@@@@@@@@@@@@@@@@@@@@@@@@@@@@@@@@@@@@@@@@@@@@@@@@@@@@@@@@@@@@@@@@@@@@@@@@@@@@@@@@@@@@@@@@@@@@@@@@@@@@@@@@@@@@@@@@@@@@@@@@@@@@@@@@@@@@@@@@@@@@@@@@@@@@@@@@@@@@@@@@@@@@@@@@@@@@@@@@@@@@@@@@@@@@@@@@@@@@@@@@@@@@@@@@@@@@@@@@@@@@@@@@@@@@@@@@@@@@@@@@@@@@@@@@@@@@@@@@@@@@@@@@@@@@@@@@@@@@@@@@@@@@@@@@@@@@@@@@@@@@@@@@@@@@@@@@@@@@@@@@@@@@@@@@@@@@@@@@@@@@@@@@@@@@@@@@@@@@@@@@@@@@@@@@@@@@@@@@@@@@@@@@@@@@@@@@@@@@@@@@@@@@@@@@@@@@@@@@@@@@@@@@@@@@@@@@@@@@@@@@@@@@@@@@@@@@@@@@@@@@@@@@@@@@@@@@@@@@@@@@@@@@@@@@@@@@@@@@@@@@@@@@@@@@@@@@@@@@@@@@@@@@@@@@@@@@@@@@@@@@@@@@@@@@@@@@@@@@@@@@@@@@@@@@@@@@@@@@@@@@@@@@@@@@@@@@@@@@@@@@@@@@@@@@@@@@@@@@@@@@@@@@@@@@@@@@@@@@@@@@@@@@@@@@@@@@@@@@@@@@@@@@@@@@@@@@@@@@@@@@@@@@@@@@@@@@@@@@@@@@@@@@@@@@@@@@@@@@@@@@@@@@@@@@@@@@@@@@@@@@@@@@@@@@@@@@@@@@@@@@@@@@@@@@@@@@@@@@@@@@@@@@@@@@@@@@@@@@@@@@@@@@@@@@@@@@@@@@@@@@@@@@@@@@@@@@@@@@@@@@@@@@@@@@@@@@@@@@@@@@@@@@@@@@@@@@@@@@@@@@@@@@@@@@@@@@@@@@@@@@@@@@@@@@@@@@@@@@@@@@@@@@@@@@@@@@@@@@@@@@@@@@@@@@@@@@@@@@@@@@@@@@@@@@@@@@@@@@@@@@@@@@@@@@@@@@@@@@@@@@@@@@@@@@@@@@@@@@@@@@@@@@@@@@@@@@@@@@@@@@@@@@@@@@@@@@@@@@@@@@@@@@@@@@@@@@@@@@@@@@@@@@@@@@@@@@@@@@@@@@@@@@@@@@@@@@@@@@@@@@@@@@@@@@@@@@@@@@@@@@@@@@@@@@@@@@@@@@@@@@@@@@@@@@@@@@@@@@@@@@@@@@@@@@@@@@@@@@@@@@@@@@@@@@@@@@@@@@@@@@@@@@@@@@@@@@@@@@@@@@@@@@@@@@@@@@@@@@@@@@@@@@@@@@@@@@@@@@@@@@@@@@@@@@@@@@@@@@@@@@@@@@@@@@@@@@@@@@@@@@@@@@@@@@@@@@@@@@@@@@@@@@@@@@@@@@@@@@@@@@@@@@@@@@@@@@@@@@@@@@@@@@@@@@@@@@@@@@@@@@@@@@@@@@@@@@@@@@@@@@@@@@@@@@@@@@@@@@@@@@@@@@@@@@@@@@@@@@@@@@@@@@@@@@@@@@@@@@@@@@@@@@@@@@@@@@@@@@@@@@@@@@@@@@@@@@@@@@@@@@@@@@@@@@@@@@@@@@@@@@@@@@@@@@@@@@@@@@@@@@@@@@@@@@@@@@@@@@@@@@@@@@@@@@@@@@@@@@@@@@@@@@@@@@@@@@@@@@@@@@@@@@@@@@@@@@@@@@@@@@@@@@@@@@@@@@@@@@@@@@@@@@@@@@@@@@@@@@@@@@@@@@@@@@@@@@@@@@@@@@@@@@@@@@@@@@@@@@@@@@@@@@@@@@@@@@@@@@@@@@@@@@@@@@@@@@@@@@@@@@@@@@@@@@@@@@@@@@@@@@@@@@@@@@@@@@@@@@@@@@@@@@@@@@@@@@@@@@@@@@@@@@@@@@@@@@@@@@@@@@@@@@@@@@@@@@@@@@@@@@@@@@@@@@@@@@@@@@@@@@@@@@@@@@@@@@@@@@@@@@@@@@@@@@@@@@@@@@@@@@@@@@@@@@@@@@@@@@@@@@@@@@@@@@@@@@@@@@@@@@@@@@@@@@@@@@@@@@@@@@@@@@@@@@@@@@@@@@@@@@@@@@@@@@@@@@@@@@@@@@@@@@@@@@@@@@@@@@@@@@@@@@@@@@@@@@@@@@@@@@@@@@@@@@@@@@@@@@@@@@@@@@
File "flash:/c3560-ipservicesk9-mz.122-55.SE/c3560-ipservicesk9-mz.122-55.SE.bin" uncompressed and installed, entry point: 0x1000000
executing...

              Restricted Rights Legend

Use, duplication, or disclosure by the Government is
subject to restrictions as set forth in subparagraph
(c) of the Commercial Computer Software - Restricted
Rights clause at FAR sec. 52.227-19 and subparagraph
(c) (1) (ii) of the Rights in Technical Data and Computer
Software clause at DFARS sec. 252.227-7013.

           cisco Systems, Inc.
           170 West Tasman Drive
           San Jose, California 95134-1706



Cisco IOS Software, C3560 Software (C3560-IPSERVICESK9-M), Version 12.2(55)SE, RELEASE SOFTWARE (fc2)
Technical Support: http://www.cisco.com/techsupport
Copyright (c) 1986-2010 by Cisco Systems, Inc.
Compiled Sat 07-Aug-10 22:26 by prod_rel_team
Image text-base: 0x01000000, data-base: 0x02F00000

Initializing flashfs...
Using driver version 1 for media type 1
mifs[3]: 0 files, 1 directories
mifs[3]: Total bytes     : 3870720   
mifs[3]: Bytes used      : 1024      
mifs[3]: Bytes available : 3869696   
mifs[3]: mifs fsck took 0 seconds.
mifs[3]: Initialization complete.

mifs[4]: 456 files, 8 directories
mifs[4]: Total bytes     : 27998208  
mifs[4]: Bytes used      : 16207360  
mifs[4]: Bytes available : 11790848  
mifs[4]: mifs fsck took 1 seconds.
mifs[4]: Initialization complete.

...done Initializing flashfs.
Checking for Bootloader upgrade.. not needed

POST: CPU MIC register Tests : Begin
POST: CPU MIC register Tests : End, Status Passed

POST: PortASIC Memory Tests : Begin
POST: PortASIC Memory Tests : End, Status Passed

POST: CPU MIC interface Loopback Tests : Begin
POST: CPU MIC interface Loopback Tests : End, Status Passed

POST: PortASIC RingLoopback Tests : Begin
POST: PortASIC RingLoopback Tests : End, Status Passed

POST: PortASIC CAM Subsystem Tests : Begin
POST: PortASIC CAM Subsystem Tests : End, Status Passed

POST: PortASIC Port Loopback Tests : Begin
POST: PortASIC Port Loopback Tests : End, Status Passed

Waiting for Port download...Complete


This product contains cryptographic features and is subject to United
States and local country laws governing import, export, transfer and
use. Delivery of Cisco cryptographic products does not imply
third-party authority to import, export, distribute or use encryption.
Importers, exporters, distributors and users are responsible for
compliance with U.S. and local country laws. By using this product you
agree to comply with applicable laws and regulations. If you are unable
to comply with U.S. and local laws, return this product immediately.

A summary of U.S. laws governing Cisco cryptographic products may be found at:
http://www.cisco.com/wwl/export/crypto/tool/stqrg.html

If you require further assistance please contact us by sending email to
export@cisco.com.

cisco WS-C3560V2-24TS (PowerPC405) processor (revision D0) with 131072K bytes of memory.
Processor board ID FDO1407Z05N
Last reset from power-on
1 Virtual Ethernet interface
24 FastEthernet interfaces
2 Gigabit Ethernet interfaces
The password-recovery mechanism is enabled.

512K bytes of flash-simulated non-volatile configuration memory.
Base ethernet MAC Address       : FC:FB:FB:5C:4D:80
Motherboard assembly number     : 73-11765-06
Power supply part number        : 341-0328-01
Motherboard serial number       : FDO14070QN3
Power supply serial number      : LIT1403020W
Model revision number           : D0
Motherboard revision number     : A0
Model number                    : WS-C3560V2-24TS-S
System serial number            : FDO1407Z05N
Top Assembly Part Number        : 800-31050-02
Top Assembly Revision Number    : A0
Version ID                      : V02
CLEI Code Number                : COMNE10CRA
Hardware Board Revision Number  : 0x03


Switch Ports Model              SW Version            SW Image                 
------ ----- -----              ----------            ----------               
*    1 26    WS-C3560V2-24TS    12.2(55)SE            C3560-IPSERVICESK9-M     




Press RETURN to get started!


*Mar  1 00:00:39.669: %LINEPROTO-5-UPDOWN: Line protocol on Interface Vlan1, changed state to down
*Mar  1 00:00:41.045: %SPANTREE-5-EXTENDED_SYSID: Extended SysId enabled for type vlan
*Mar  1 00:00:44.442: %SYS-5-CONFIG_I: Configured from memory by console
*Mar  1 00:00:45.357: %SYS-5-RESTART: System restarted --
Cisco IOS Software, C3560 Software (C3560-IPSERVICESK9-M), Version 12.2(55)SE, RELEASE SOFTWARE (fc2)
Technical Support: http://www.cisco.com/techsupport
Copyright (c) 1986-2010 by Cisco Systems, Inc.
Compiled Sat 07-Aug-10 22:26 by prod_rel_team
*Mar  1 00:00:46.833: %LINK-3-UPDOWN: Interface FastEthernet0/3, changed state to up
*Mar  1 00:00:47.840: %LINEPROTO-5-UPDOWN: Line protocol on Interface FastEthernet0/1, changed state to up
*Mar  1 00:00:47.840: %LINEPROTO-5-UPDOWN: Line protocol on Interface FastEthernet0/2, changed state to up
*Mar  1 00:00:47.840: %LINEPROTO-5-UPDOWN: Line protocol on Interface FastEthernet0/3, changed state to up
*Mar  1 00:00:47.840: %LINEPROTO-5-UPDOWN: Line protocol on Interface FastEthernet0/4, changed state to up
*Mar  1 00:00:47.840: %LINEPROTO-5-UPDOWN: Line protocol on Interface FastEthernet0/5, changed state to up
*Mar  1 00:00:48.880: %LINK-3-UPDOWN: Interface FastEthernet0/2, changed state to up
*Mar  1 00:00:48.888: %LINK-3-UPDOWN: Interface FastEthernet0/4, changed state to up
*Mar  1 00:00:48.922: %LINK-3-UPDOWN: Interface FastEthernet0/5, changed state to up
*Mar  1 00:00:48.964: %LINK-3-UPDOWN: Interface FastEthernet0/1, changed state to up
*Mar  1 00:01:16.697: %LINEPROTO-5-UPDOWN: Line protocol on Interface Vlan1, changed state to up
tux-sw2>show vlan brief

VLAN Name                             Status    Ports
---- -------------------------------- --------- -------------------------------
1    default                          active    Fa0/1, Fa0/2, Fa0/3, Fa0/4
                                                Fa0/5, Fa0/6, Fa0/7, Fa0/8
                                                Fa0/9, Fa0/10, Fa0/11, Fa0/12
                                                Fa0/13, Fa0/14, Fa0/15, Fa0/16
                                                Fa0/17, Fa0/18, Fa0/19, Fa0/20
                                                Fa0/21, Fa0/22, Fa0/23, Fa0/24
                                                Gi0/1, Gi0/2
20   VLAN0020                         active    
21   VLAN0021                         active    
1002 fddi-default                     act/unsup 
1003 token-ring-default               act/unsup 
1004 fddinet-default                  act/unsup 
1005 trnet-default                    act/unsup 
tux-sw2>enable
Password: 
tux-sw2#congigure terminaC'  l
           ^
% Invalid input detected at '^' marker.

tux-sw2#configure terminal
Enter configuration commands, one per line.  End with CNTL/Z.
tux-sw2(config)#interface fastehternet 0/1ehternet 0/1 thernet 0/1
tux-sw2(config-if)#switchport mode access
tux-sw2(config-if)#s switchport mode accesss           access vlan 20
tux-sw2(config-if)#switchport access vlan 20mode access   interface fastethernet 0/1 2
tux-sw2(config-if)#interface fastethernet 0/2switchport access vlan 20 mode access   
tux-sw2(config-if)#switchport mode accessinterface fastethernet 0/2switchport access vlan 20 
tux-sw2(config-if)#end
tux-sw2#show vlan 
*Mar  1 00:09:44.761: %SYS-5-CONFIG_I: Configured from console by consoleid 20

VLAN Name                             Status    Ports
---- -------------------------------- --------- -------------------------------
20   VLAN0020                         active    Fa0/1, Fa0/2

VLAN Type  SAID       MTU   Parent RingNo BridgeNo Stp  BrdgMode Trans1 Trans2
---- ----- ---------- ----- ------ ------ -------- ---- -------- ------ ------
20   enet  100020     1500  -      -      -        -    -        0      0   

Remote SPAN VLAN
----------------
Disabled

Primary Secondary Type              Ports
------- --------- ----------------- ------------------------------------------

tux-sw2#vl   vla   configure terminal
Enter configuration commands, one per line.  End with CNTL/Z.
tux-sw2(config)#endswitchport access vlan 20mode access   interface fastethernet 0/2switchport access vlan 20 mode access   interface fastethernet 0/1 3
tux-sw2(config-if)#interface fastethernet 0/3end                       switchport access vlan 20mode access   
tux-sw2(config-if)#switchport mode accessinterface fastethernet 0/3end                       switchport access vlan 20 1
tux-sw2(config-if)#switchport access vlan 21mode access   interface fastethernet 0/3 4
tux-sw2(config-if)#interface fastethernet 0/4switchport access vlan 21 mode access   
tux-sw2(config-if)#switchport mode accessinterface fastethernet 0/4switchport access vlan 21 
tux-sw2(config-if)#end
tux-sw2#show vlC'a
*Mar  1 00:10:22.166: %SYS-5-CONFIG_I: Configured from console by console        
% Type "show ?" for a list of subcommands
tux-sw2#show vlan id 21

VLAN Name                             Status    Ports
---- -------------------------------- --------- -------------------------------
21   VLAN0021                         active    Fa0/3, Fa0/4

VLAN Type  SAID       MTU   Parent RingNo BridgeNo Stp  BrdgMode Trans1 Trans2
---- ----- ---------- ----- ------ ------ -------- ---- -------- ------ ------
21   enet  100021     1500  -      -      -        -    -        0      0   

Remote SPAN VLAN
----------------
Disabled

Primary Secondary Type              Ports
------- --------- ----------------- ------------------------------------------

tux-sw2#
*Mar  1 00:13:35.313: %LINEPROTO-5-UPDOWN: Line protocol on Interface FastEthernet0/1, changed state to down
*Mar  1 00:13:36.312: %LINK-3-UPDOWN: Interface FastEthernet0/1, changed state to down
*Mar  1 00:13:36.412: %LINEPROTO-5-UPDOWN: Line protocol on Interface FastEthernet0/4, changed state to down
*Mar  1 00:13:40.003: %LINK-3-UPDOWN: Interface FastEthernet0/1, changed state to up
*Mar  1 00:13:41.009: %LINEPROTO-5-UPDOWN: Line protocol on Interface FastEthernet0/1, changed state to up
*Mar  1 00:13:41.731: %LINK-3-UPDOWN: Interface FastEthernet0/4, changed state to down
*Mar  1 00:13:43.828: %LINK-3-UPDOWN: Interface FastEthernet0/4, changed state to up
*Mar  1 00:13:44.835: %LINEPROTO-5-UPDOWN: Line protocol on Interface FastEthernet0/4, changed state to up
*Mar  1 00:13:53.232: %LINEPROTO-5-UPDOWN: Line protocol on Interface FastEthernet0/2, changed state to down
*Mar  1 00:13:54.230: %LINK-3-UPDOWN: Interface FastEthernet0/2, changed state to down
*Mar  1 00:14:06.939: %LINEPROTO-5-UPDOWN: Line protocol on Interface FastEthernet0/4, changed state to down
*Mar  1 00:14:07.937: %LINK-3-UPDOWN: Interface FastEthernet0/4, changed state to down
*Mar  1 00:14:09.614: %LINK-3-UPDOWN: Interface FastEthernet0/2, changed state to up
*Mar  1 00:14:10.621: %LINEPROTO-5-UPDOWN: Line protocol on Interface FastEthernet0/2, changed state to up
*Mar  1 00:14:13.817: %LINK-3-UPDOWN: Interface FastEthernet0/4, changed state to up
*Mar  1 00:14:14.824: %LINEPROTO-5-UPDOWN: Line protocol on Interface FastEthernet0/4, changed state to up
*Mar  1 00:19:21.788: %LINK-3-UPDOWN: Interface GigabitEthernet0/1, changed state to up
*Mar  1 00:19:22.795: %LINEPROTO-5-UPDOWN: Line protocol on Interface GigabitEthernet0/1, changed state to up

































tux-sw2 con0 is now available





Press RETURN to get started.



tux-sw2>
*Mar  1 00:40:15.155: %LINEPROTO-5-UPDOWN: Line protocol on Interface FastEthernet0/1, changed state to down
*Mar  1 00:40:17.160: %LINEPROTO-5-UPDOWN: Line protocol on Interface FastEthernet0/1, changed state to up

































tux-sw2 con0 is now available





Press RETURN to get started.




User Access Verification

Username: root
Password: 
tux-rtr2#copy flash:gnu-tux2        tux2-clean startup-config
Destination filename [startup-config]? 
[OK]
3045 bytes copied in 2.288 secs (1331 bytes/sec)

tux-rtr2#reload

Proceed with reload? [confirm]

*Nov 30 16:36:15.463: %SYS-5-RELOAD: Reload requested  by root on console. Reload Reason: Reload Command.
System Bootstrap, Version 15.0(1r)M1, RELEASE SOFTWARE (fc1)
Technical Support: http://www.cisco.com/techsupport
Copyright (c) 2009 by cisco Systems, Inc.

Total memory size = 512 MB - On-board = 512 MB, DIMM0 = 0 MB
CISCO2901/K9 platform with 524288 Kbytes of main memory
Main memory is configured to 72/-1(On-board/DIMM0) bit mode with ECC enabled


Readonly ROMMON initialized
program load complete, entry point: 0x80803000, size: 0x1b340
program load complete, entry point: 0x80803000, size: 0x1b340


IOS Image Load Test 
___________________ 
Digitally Signed Release Software 
program load complete, entry point: 0x81000000, size: 0x3ba8f3c
Self decompressing the image : ################################################################################################################################################################################################################################################################################################################################################################################ [OK]

Smart Init is enabled
smart init is sizing iomem
                 TYPE      MEMORY_REQ
          HWIC Slot 0      0x00200000
          HWIC Slot 1      0x00200000
    Onboard devices &
         buffer pools      0x0228F000 
-----------------------------------------------
               TOTAL:      0x0268F000

Rounded IOMEM up to: 40Mb.
Using 7 percent iomem. [40Mb/512Mb]

              Restricted Rights Legend

Use, duplication, or disclosure by the Government is
subject to restrictions as set forth in subparagraph
(c) of the Commercial Computer Software - Restricted
Rights clause at FAR sec. 52.227-19 and subparagraph
(c) (1) (ii) of the Rights in Technical Data and Computer
Software clause at DFARS sec. 252.227-7013.

           cisco Systems, Inc.
           170 West Tasman Drive
           San Jose, California 95134-1706



Cisco IOS Software, C2900 Software (C2900-UNIVERSALK9-M), Version 15.0(1)M1, RELEASE SOFTWARE (fc1)
Technical Support: http://www.cisco.com/techsupport
Copyright (c) 1986-2009 by Cisco Systems, Inc.
Compiled Wed 02-Dec-09 15:23 by prod_rel_team
Image text-base: 0x2100E098, data-base: 0x258D97C0


This product contains cryptographic features and is subject to United
States and local country laws governing import, export, transfer and
use. Delivery of Cisco cryptographic products does not imply
third-party authority to import, export, distribute or use encryption.
Importers, exporters, distributors and users are responsible for
compliance with U.S. and local country laws. By using this product you
agree to comply with applicable laws and regulations. If you are unable
to comply with U.S. and local laws, return this product immediately.

A summary of U.S. laws governing Cisco cryptographic products may be found at:
http://www.cisco.com/wwl/export/crypto/tool/stqrg.html

If you require further assistance please contact us by sending email to
export@cisco.com.

Cisco CISCO2901/K9 (revision 1.0) with 483328K/40960K bytes of memory.
Processor board ID FCZ1415C11Q
2 Gigabit Ethernet interfaces
2 Serial(sync/async) interfaces
2 Voice FXS interfaces
DRAM configuration is 64 bits wide with parity enabled.
255K bytes of non-volatile configuration memory.
254464K bytes of ATA System CompactFlash 0 (Read/Write)

%Error: This command applies only to DCE interfaces


Press RETURN to get started!


*Mar  1 00:00:04.707: %IOS_LICENSE_IMAGE_APPLICATION-6-LICENSE_LEVEL: Module name = c2900 Next reboot level = ipbasek9 and License = ipbasek9
*Nov 30 16:38:07.171: %LINK-3-UPDOWN: Interface GigabitEthernet0/0, changed state to up
*Nov 30 16:38:07.171: %LINK-3-UPDOWN: Interface GigabitEthernet0/1, changed state to down
*Nov 30 16:38:07.171: %LINK-3-UPDOWN: Interface Serial0/0/0, changed state to down
*Nov 30 16:38:07.171: %LINK-3-UPDOWN: Interface Serial0/0/1, changed state to down
*Nov 30 16:38:08.3

User Access Verification

Username: 63: %LINEPROTO-5-UPDOWN: Line protocol on Interface GigabitEthernet0/0, changed state to up
*Nov 30 16:38:08.363: %LINEPROTO-5-UPDOWN: Line protocol on Interface GigabitEthernet0/1, changed state to down
*Nov 30 16:38:08.363: %LINEPROTO-5-UPDOWN: Line protocol on Interface Serial0/0/0, changed state to down
*Nov 30 16:38:08.363: %LINEPROTO-5-UPDOWN: Line protocol on Interface Serial0/0/1, changed state to down
*Nov 30 16:38:09.595: %SYS-5-CONFIG_I: Configured from memory by console
*Nov 30 16:38:10.027: %SYS-5-RESTART: System restarted --
Cisco IOS Software, C2900 Software (C2900-UNIVERSALK9-M), Version 15.0(1)M1, RELEASE SOFTWARE (fc1)
Technical Support: http://www.cisco.com/techsupport
Copyright (c) 1986-2009 by Cisco Systems, Inc.
Compiled Wed 02-Dec-09 15:23 by prod_rel_team
*Nov 30 16:38:10.195: %SNMP-5-COLDSTART: SNMP agent on host tux-rtr2 is undergoing a cold start
*Nov 30 16:38:10.827: %SYS-6-BOOTTIME: Time taken to reboot after reload =  112 seconds
*Nov 30 16:38:11.459: %SSH-5-ENABLED: SSH 1.99 has been enabled
*Nov 30 16:38:11.503: %LINK-5-CHANGED: Interface GigabitEthernet0/1, changed state to administratively down
*Nov 30 16:38:11.531: %LINK-5-CHANGED: Interface Serial0/0/0, changed state to administratively down
*Nov 30 16:38:11.531: %LINK-5-CHANGED: Interface Serial0/0/1, changed state to administratively down
*Nov 30 16:38:26.831: %PKI-6-AUTOSAVE: Running configuration saved to NVRAM[OK]
% Username:  timeout expired!
Username: root
Password: 
tux-rtr2#conft  t
Enter configuration commands, one per line.  End with CNTL/Z.
tux-rtr2(config)#interface fasteh thernet 0/0
                           ^
% Invalid input detected at '^' marker.

tux-rtr2(config)#interface fastethernet 0/0thernet 0/0                          e interface fastethernet 0/0
                           ^
% Invalid input detected at '^' marker.

tux-rtr2(config)#interface fastethernet 0/0tethernet 0/0                          exit
tux-rtr2#enabl
*Nov 30 16:41:33.443: %SYS-5-CONFIG_I: Configured from console by root on consolee
tux-rtr2#
tux-rtr2#
tux-rtr2#enable
tux-rtr2#conf t
Enter configuration commands, one per line.  End with CNTL/Z.
tux-rtr2(config)#interface ethernetfethernetaethernetsethernettethernet ethernet0ethernet/ethernet0ethernetethernet ethernet ethernet ethernet  ethernet0ethernet/ethernet0ethernetethernet ethernet ethernet ethernet ethernet 0/0
                           ^
% Invalid input detected at '^' marker.

tux-rtr2(config)#interface fastethernet 0/0  interface fastethernet 0/0                          ip address 172.16.21.254 255.255.255.0
                           ^
% Invalid input detected at '^' marker.

tux-rtr2(config)#ip address 172.16.21.254 255.255.255.0                                      interface
% Incomplete command.

tux-rtr2(config)#interface gigabitethernet 0/0
tux-rtr2(config-if)#interface gigabitethernet 0/0ethernet 0/0 ethernet 0/0 ethernet 0/0 ethernet 0/0 ethernet 0/0 ethernet 0/0 ethernet 0/0 ethernet 0/0  ethernet 0/0fethernet 0/0aethernet 0/0sethernet 0/0tethernet 0/0
                              ^
% Invalid input detected at '^' marker.

tux-rtr2(config)#interface fastethernet 0/0                          interface gigabitethernet 0/0                    p address 172.16.21.254 255.255.255.0nterface fastethernet 0/0            p address 172.16.21.254 255.255.255.0
                           ^
% Invalid input detected at '^' marker.

tux-rtr2(config)#ip address 172.16.21.254 255.255.255.0 172.16.21.254 255.255.255.0
                           ^
% Invalid input detected at '^' marker.

tux-rtr2(config)#ip address 172.16.21.254 255.255.255.0172.16.21.254 255.255.255.0 
                           ^
% Invalid input detected at '^' marker.

tux-rtr2(config)#ip address172.16.21.254 255.255.255.0 172.16.21.254 255.255.255.0 172.16.21.254 255.255.255.0  172.16.21.254 255.255.255.0  172.16.21.254 255.255.255.0  172.16.21.254 255.255.255.0  172.16.21.254 255.255.255.0  172.16.21.254 255.255.255.0 
% Ambiguous command:  "ip a 172.16.21.254 255.255.255.0"
tux-rtr2(config)#ip a 172.16.21.254 255.255.255.0d 172.16.21.254 255.255.255.0d 172.16.21.254 255.255.255.0
                       ^
% Invalid input detected at '^' marker.

tux-rtr2(config)#ip add 172.16.21.254 255.255.255.0r 172.16.21.254 255.255.255.0
                        ^
% Invalid input detected at '^' marker.

tux-rtr2(config)#ip addr 172.16.21.254 255.255.255.0p addre 172.16.21.254 255.255.255.0s 172.16.21.254 255.255.255.0s 172.16.21.254 255.255.255.0
                           ^
% Invalid input detected at '^' marker.

tux-rtr2(config)#exit
tux-rtr2#
*Nov 30 16:45:54.703: %SYS-5-CONFIG_I: Configured from console by root on consoleex  
tux-rtr2#
tux-rtr2#
tux-rtr2#
tux-rtr2#
tux-rtr2#exit

































tux-rtr2 con0 is now available





Press RETURN to get started.



User Access Verification

Username: root
Password: 
tux-rtr2#copy flash:tux2-clean startup-config
Destination filename [startup-config]? 
[OK]
3045 bytes copied in 2.468 secs (1234 bytes/sec)

tux-rtr2#reload

Proceed with reload? [confirm]

*Nov 30 16:47:20.115: %SYS-5-RELOAD: Reload requested  by root on console. Reload Reason: Reload Command.
System Bootstrap, Version 15.0(1r)M1, RELEASE SOFTWARE (fc1)
Technical Support: http://www.cisco.com/techsupport
Copyright (c) 2009 by cisco Systems, Inc.

Total memory size = 512 MB - On-board = 512 MB, DIMM0 = 0 MB
CISCO2901/K9 platform with 524288 Kbytes of main memory
Main memory is configured to 72/-1(On-board/DIMM0) bit mode with ECC enabled


Readonly ROMMON initialized
program load complete, entry point: 0x80803000, size: 0x1b340
program load complete, entry point: 0x80803000, size: 0x1b340


IOS Image Load Test 
___________________ 
Digitally Signed Release Software 
program load complete, entry point: 0x81000000, size: 0x3ba8f3c
Self decompressing the image : ################################################################################################################################################################################################################################################################################################################################################################################ [OK]

Smart Init is enabled
smart init is sizing iomem
                 TYPE      MEMORY_REQ
          HWIC Slot 0      0x00200000
          HWIC Slot 1      0x00200000
    Onboard devices &
         buffer pools      0x0228F000 
-----------------------------------------------
               TOTAL:      0x0268F000

Rounded IOMEM up to: 40Mb.
Using 7 percent iomem. [40Mb/512Mb]

              Restricted Rights Legend

Use, duplication, or disclosure by the Government is
subject to restrictions as set forth in subparagraph
(c) of the Commercial Computer Software - Restricted
Rights clause at FAR sec. 52.227-19 and subparagraph
(c) (1) (ii) of the Rights in Technical Data and Computer
Software clause at DFARS sec. 252.227-7013.

           cisco Systems, Inc.
           170 West Tasman Drive
           San Jose, California 95134-1706



Cisco IOS Software, C2900 Software (C2900-UNIVERSALK9-M), Version 15.0(1)M1, RELEASE SOFTWARE (fc1)
Technical Support: http://www.cisco.com/techsupport
Copyright (c) 1986-2009 by Cisco Systems, Inc.
Compiled Wed 02-Dec-09 15:23 by prod_rel_team
Image text-base: 0x21007718, data-base: 0x258D2E40


This product contains cryptographic features and is subject to United
States and local country laws governing import, export, transfer and
use. Delivery of Cisco cryptographic products does not imply
third-party authority to import, export, distribute or use encryption.
Importers, exporters, distributors and users are responsible for
compliance with U.S. and local country laws. By using this product you
agree to comply with applicable laws and regulations. If you are unable
to comply with U.S. and local laws, return this product immediately.

A summary of U.S. laws governing Cisco cryptographic products may be found at:
http://www.cisco.com/wwl/export/crypto/tool/stqrg.html

If you require further assistance please contact us by sending email to
export@cisco.com.

Cisco CISCO2901/K9 (revision 1.0) with 483328K/40960K bytes of memory.
Processor board ID FCZ1415C11Q
2 Gigabit Ethernet interfaces
2 Serial(sync/async) interfaces
2 Voice FXS interfaces
DRAM configuration is 64 bits wide with parity enabled.
255K bytes of non-volatile configuration memory.
254464K bytes of ATA System CompactFlash 0 (Read/Write)

%Error: This command applies only to DCE interfaces


Press RETURN to get started!


*Mar  1 00:00:04.695: %IOS_LICENSE_IMAGE_APPLICATION-6-LICENSE_LEVEL: Module name = c2900 Next reboot level = ipbasek9 and License = ipbasek9
*Nov 30 16:49:07.159: %LINK-3-UPDOWN: Interface GigabitEthernet0/0, changed state to up
*Nov 30 16:49:07.159: %LINK-3-UPDOWN: Interface GigabitEthernet0/1, changed state to down
*Nov 30 16:49:07.159: %LINK-3-UPDOWN: Interface Serial0/0/0, changed state to down
*Nov 30 16:49:07.159: %LINK-3-UPDOWN: Interface Serial0/0/1, changed state to down
*Nov 30 16:49:08.3

User Access Verification

Username: 51: %LINEPROTO-5-UPDOWN: Line protocol on Interface GigabitEthernet0/0, changed state to up
*Nov 30 16:49:08.351: %LINEPROTO-5-UPDOWN: Line protocol on Interface GigabitEthernet0/1, changed state to down
*Nov 30 16:49:08.351: %LINEPROTO-5-UPDOWN: Line protocol on Interface Serial0/0/0, changed state to down
*Nov 30 16:49:08.351: %LINEPROTO-5-UPDOWN: Line protocol on Interface Serial0/0/1, changed state to down
*Nov 30 16:49:09.583: %SYS-5-CONFIG_I: Configured from memory by console
*Nov 30 16:49:10.015: %SYS-5-RESTART: System restarted --
Cisco IOS Software, C2900 Software (C2900-UNIVERSALK9-M), Version 15.0(1)M1, RELEASE SOFTWARE (fc1)
Technical Support: http://www.cisco.com/techsupport
Copyright (c) 1986-2009 by Cisco Systems, Inc.
Compiled Wed 02-Dec-09 15:23 by prod_rel_team
*Nov 30 16:49:10.187: %SNMP-5-COLDSTART: SNMP agent on host tux-rtr2 is undergoing a cold start
*Nov 30 16:49:10.815: %SYS-6-BOOTTIME: Time taken to reboot after reload =  111 seconds
*Nov 30 16:49:11.447: %SSH-5-ENABLED: SSH 1.99 has been enabled
*Nov 30 16:49:11.491: %LINK-5-CHANGED: Interface GigabitEthernet0/1, changed state to administratively down
*Nov 30 16:49:11.503: %LINK-5-CHANGED: Interface Serial0/0/0, changed state to administratively down
*Nov 30 16:49:11.503: %LINK-5-CHANGED: Interface Serial0/0/1, changed state to administratively down[OK]
*Nov 30 16:49:26.819: %PKI-6-AUTOSAVE: Running configuration saved to NVRAM
% Username:  timeout expired!
Username: root
Password: 
tux-rtr2#conf t
Enter configuration commands, one per line.  End with CNTL/Z.
tux-rtr2(config)#interface fastethernet 0/0
                           ^
% Invalid input detected at '^' marker.

tux-rtr2(config)#interface fastethernet 0/0*
                           ^
% Invalid input detected at '^' marker.

tux-rtr2(config)#interface fastethernet 0/0*                           interface gigabitethernet 0/0
tux-rtr2(config-if)#interface gigabitethernet 0/0fastethernet 0/0*   0/0 
                              ^
% Invalid input detected at '^' marker.

tux-rtr2(config)#interface fastethernet0/0fastethernet0/0 
                          ^
% Invalid input detected at '^' marker.

tux-rtr2(config)#interfacefastethernet0/0ce fastethernet0/0fastet                         interfacefastethernet0/0 fastethernet0/0gigabitethernet 0/0
tux-rtr2(config-if)#ip address 172.16.21.254 255.255.255.2 0
tux-rtr2(config-if)#no shutdown
tux-rtr2(config-if)#exit
tux-rtr2(config)#exitno shutdownip address 172.16.21.254 255.255.255.0nterface gigabitethernet 0/0          1
tux-rtr2(config-if)#interface gigabitethernet 0/1exit                         no shutdownip address 172.16.21.254 255.255.255.01.254 255.255.255.0 1.254 255.255.255.0  255.255.255.0  255.255.255.0 2 255.255.255.09 255.255.255.0
tux-rtr2(config-if)#no shutdown
tux-rtr2(config-if)#i
*Nov 30 16:54:47.087: %LINK-3-UPDOWN: Interface GigabitEthernet0/1, changed state to downp nat
% Incomplete command.

tux-rtr2(config-if)#ip nat outside
tux-rtr2(config-if)#
*Nov 30 16:55:00.679: %LINEPROTO-5-UPDOWN: Line protocol on Interface NVI0, changed state to up
tux-rtr2(config-if)#exit
tux-rtr2(config)#ip nt at pool ovrld 172  .16.1.29 172.16.1.29 prefix 24
tux-rtr2(config)#ip nat inside  source list 1 pool ovrld overload
 
tux-rtr2(config)#access-list 1 permit 172.16.20.0 0.0.0.7
tux-rtr2(config)#access-list 1 permit 172.16.20.0 0.0.0.720.0 0.0.0.7 1.0 0.0.0.7
tux-rtr2(config)#ip route 0.0.0.0 0.0.0.0 172.16.1.254
tux-rtr2(config)#ip route 172.16.20.0 255.255.255.0 172.16.21.253
tux-rtr2(config)#end
tux-rtr2#
*Nov 30 16:57:45.003: %SYS-5-CONFIG_I: Configured from console by root on console
tux-sw2>
tux-sw2>enable
Password: 
tux-sw2#show vlan brief

VLAN Name                             Status    Ports
---- -------------------------------- --------- -------------------------------
1    default                          active    Fa0/5, Fa0/6, Fa0/7, Fa0/8
                                                Fa0/9, Fa0/10, Fa0/11, Fa0/12
                                                Fa0/13, Fa0/14, Fa0/15, Fa0/16
                                                Fa0/17, Fa0/18, Fa0/19, Fa0/20
                                                Fa0/21, Fa0/22, Fa0/23, Fa0/24
                                                Gi0/1, Gi0/2
20   VLAN0020                         active    Fa0/1, Fa0/2
21   VLAN0021                         active    Fa0/3, Fa0/4
1002 fddi-default                     act/unsup 
1003 token-ring-default               act/unsup 
1004 fddinet-default                  act/unsup 
1005 trnet-default                    act/unsup 
tux-sw2#configure terminal
Enter configuration commands, one per line.  End with CNTL/Z.
tux-sw2(config)#interface fastethernet 0/5
tux-sw2(config-if)#shith chport mode access
                     ^
% Invalid input detected at '^' marker.

tux-sw2(config-if)#shitchport mode accessswhitchport mode access
                     ^
% Invalid input detected at '^' marker.

tux-sw2(config-if)#swhitchport mode accessitchport mode access 
tux-sw2(config-if)#switchport mode access           access vlan 21
tux-sw2(config-if)#end
tux-sw2#
*Mar  1 01:19:07.641: %SYS-5-CONFIG_I: Configured from console by consoleshow    
tux-sw2#show vlan brief

VLAN Name                             Status    Ports
---- -------------------------------- --------- -------------------------------
1    default                          active    Fa0/6, Fa0/7, Fa0/8, Fa0/9
                                                Fa0/10, Fa0/11, Fa0/12, Fa0/13
                                                Fa0/14, Fa0/15, Fa0/16, Fa0/17
                                                Fa0/18, Fa0/19, Fa0/20, Fa0/21
                                                Fa0/22, Fa0/23, Fa0/24, Gi0/1
                                                Gi0/2
20   VLAN0020                         active    Fa0/1, Fa0/2
21   VLAN0021                         active    Fa0/3, Fa0/4, Fa0/5
1002 fddi-default                     act/unsup 
1003 token-ring-default               act/unsup 
1004 fddinet-default                  act/unsup 
1005 trnet-default                    act/unsup 
tux-sw2#
*Mar  1 01:23:13.218: %LINEPROTO-5-UPDOWN: Line protocol on Interface FastEthernet0/5, changed state to down
*Mar  1 01:23:14.216: %LINK-3-UPDOWN: Interface FastEthernet0/5, changed state to down
*Mar  1 01:23:17.462: %LINK-3-UPDOWN: Interface FastEthernet0/5, changed state to up
*Mar  1 01:23:18.469: %LINEPROTO-5-UPDOWN: Line protocol on Interface FastEthernet0/5, changed state to up

































tux-sw2 con0 is now available





Press RETURN to get started.







*Mar  1 01:35:05.830: %LINEPROTO-5-UPDOWN: Line protocol on Interface FastEthernet0/3, changed state to down
*Mar  1 01:35:07.835: %LINEPROTO-5-UPDOWN: Line protocol on Interface FastEthernet0/3, changed state to up
tux-sw2>